// Jest Snapshot v1, https://goo.gl/fbAQLP

exports[`rendering with hint when hint is given should match snapshot 1`] = `
<Horizontal
  constraint="scale"
>
  <Inline
    alignItems="flexStart"
    scale="xs"
  >
    <TextWrap>
      <Label
        isBold={true}
      >
        Label Title
      </Label>
    </TextWrap>
  </Inline>
  <div
    className="hint"
  >
    <Inline
      alignItems="center"
      scale="xs"
    >
      <TextDetail>
        Label hint
      </TextDetail>
    </Inline>
  </div>
</Horizontal>
`;
