// Jest Snapshot v1, https://goo.gl/fbAQLP

exports[`rendering outputs correct tree 1`] = `
<div
  onMouseOut={[MockFunction]}
  onMouseOver={[MockFunction]}
>
  <AccessibleButton
    buttonAttributes={
      Object {
        "data-track-component": "LinkButton",
      }
    }
    className="button primary"
    isDisabled={false}
    isToggleButton={false}
    label="Accessibility text"
    onClick={[MockFunction]}
  >
    <AddIcon
      size="small"
      theme="green"
    />
    <TextBody>
      Accessibility text
    </TextBody>
  </AccessibleButton>
</div>
`;
