// Jest Snapshot v1, https://goo.gl/fbAQLP

exports[`<ToggleSwitch> rendering outputs correct tree 1`] = `
<div
  className="toggle-container-big"
>
  <ToggleButton
    isChecked={false}
    isDisabled={false}
    isMouseOver={false}
    size="big"
  />
  <ToggleBar
    isChecked={false}
    isDisabled={false}
    isMouseOver={false}
    size="big"
  />
</div>
`;
